Microchip MPLAB XC8 Compiler V2.40

Linker command line:

-W-3 \
  --edf=C:/Users/jorda/.mchp_packs/Microchip/PIC18F-K_DFP/1.8.249/xc8\pic\dat\20230209213641_en.msgs \
  -cn -h+dist/default/production\Temporizador.X.production.sym \
  --cmf=dist/default/production\Temporizador.X.production.cmf -z -Q18F45K50 \
  -oC:\Users\jorda\AppData\Local\Temp\xcAsbmc.4 --defsym=__MPLAB_BUILD=1 \
  --fixupoverflow=error \
  -Mdist/default/production/Temporizador.X.production.map \
  --md=C:\Users\jorda\AppData\Local\Temp\xcAsbmc.dat -E1 -ver=XC8 Compiler \
  --acfsm=1493 -ACODE=00h-07FFFh -ACONST=00h-07FFFh \
  -ASMALLCONST=0800h-08FFhx120 -AMEDIUMCONST=0800h-07FFFh -ACOMRAM=01h-05Fh \
  -AABS1=00h-07FFh -ABIGRAM=01h-07FFh -ARAM=060h-0FFh,0100h-01FFhx7 \
  -ABANK0=060h-0FFh -ABANK1=0100h-01FFh -ABANK2=0200h-02FFh \
  -ABANK3=0300h-03FFh -ABANK4=0400h-04FFh -ABANK5=0500h-05FFh \
  -ABANK6=0600h-06FFh -ABANK7=0700h-07FFh -ASFR=0F53h-0F5Fh,0F60h-0FFFh \
  -ABIGSFR=0F53h-0FFFh -ACONFIG=0300000h-030000Dh -AIDLOC=0200000h-0200007h \
  -AEEDATA=0F00000h-0F000FFh -peeprom_data=EEDATA \
  -preset_vec=00h,intcode=08h,intcodelo,powerup,init -pramtop=0800h \
  -psmallconst=SMALLCONST -pmediumconst=MEDIUMCONST -pconst=CONST \
  -AFARRAM=00h-00h \
  -prdata=COMRAM,nvrram=COMRAM,nvbit=COMRAM,rbss=COMRAM,rbit=COMRAM \
  -pfarbss=FARRAM,fardata=FARRAM,nvFARRAM=FARRAM \
  -pintsave_regs=BIGRAM,bigbss=BIGRAM,bigdata=BIGRAM -pbss=RAM \
  -pidata=CODE,irdata=CODE,ibigdata=CODE,ifardata=CODE -prparam=COMRAM \
  C:\Users\jorda\AppData\Local\Temp\xcAsbmc.o \
  dist/default/production\Temporizador.X.production.o 

Object code version is 3.11

Machine type is 18F45K50



                Name                               Link     Load   Length Selector   Space Scale
C:\Users\jorda\AppData\Local\Temp\xcAsbmc.o
                idloc                            200000   200000        8        0       5
                config                           300000   300000        E        0       4
                init                                 BC       BC        4        4       0
                reset_vec                             0        0        4        0       0
dist/default/production\Temporizador.X.production.o
                intcode                               8        8       B4        4       0
                idloc                            200000   200000        8        0       5
                config                           300000   300000        E        0       4
                temp                                 22       22        1        1       1
                text8                               4BC      4BC        8        4       0
                text7                               49A      49A        E        4       0
                text6                               4B2      4B2        A        4       0
                text5                               45E      45E       22        4       0
                text4                               22E      22E       C4        4       0
                text3                               2F2      2F2       B0        4       0
                text2                                C0       C0      16E        4       0
                text1                               480      480       1A        4       0
                text0                               3A2      3A2       8C        4       0
                cstackCOMRAM                          1        1       14        1       1
                dataCOMRAM                           15       15        A        1       1
                bssCOMRAM                            1F       1F        3        1       1
                cinit                               42E      42E       30        4       0
                idataCOMRAM                         4A8      4A8        A        4       0

TOTAL           Name                               Link     Load   Length     Space
        CLASS   CODE           
                intcode                               8        8       B4         0
                init                                 BC       BC        4         0
                reset_vec                             0        0        4         0
                text8                               4BC      4BC        8         0
                text7                               49A      49A        E         0
                text6                               4B2      4B2        A         0
                text5                               45E      45E       22         0
                text4                               22E      22E       C4         0
                text3                               2F2      2F2       B0         0
                text2                                C0       C0      16E         0
                text1                               480      480       1A         0
                text0                               3A2      3A2       8C         0
                cinit                               42E      42E       30         0
                idataCOMRAM                         4A8      4A8        A         0

        CLASS   CONST          

        CLASS   SMALLCONST     

        CLASS   MEDIUMCONST    

        CLASS   COMRAM         
                temp                                 22       22        1         1
                cstackCOMRAM                          1        1       14         1
                dataCOMRAM                           15       15        A         1
                bssCOMRAM                            1F       1F        3         1

        CLASS   ABS1           

        CLASS   BIGRAM         

        CLASS   RAM            

        CLASS   BANK0          

        CLASS   BANK1          

        CLASS   BANK2          

        CLASS   BANK3          

        CLASS   BANK4          

        CLASS   BANK5          

        CLASS   BANK6          

        CLASS   BANK7          

        CLASS   SFR            

        CLASS   BIGSFR         

        CLASS   CONFIG         
                config                           300000   300000        E         4

        CLASS   IDLOC          
                idloc                            200000   200000        8         5

        CLASS   EEDATA         

        CLASS   FARRAM         

        CLASS   HEAP           

        CLASS   STACK          



SEGMENTS        Name                           Load    Length   Top    Selector   Space  Class

                reset_vec                      000000  000004  000004         0       0  CODE    
                cstackCOMRAM                   000001  000022  000023         1       1  COMRAM  
                intcode                        000008  0004BC  0004C4         4       0  CODE    


UNUSED ADDRESS RANGES

        Name                Unused          Largest block    Delta
        BANK0            000060-0000FF               A0
        BANK1            000100-0001FF              100
        BANK2            000200-0002FF              100
        BANK3            000300-0003FF              100
        BANK4            000400-0004FF              100
        BANK5            000500-0005FF              100
        BANK6            000600-0006FF              100
        BANK7            000700-0007FF              100
        BIGRAM           000023-0007FF              7DD
        BIGSFR           000F53-000FFF               AD
        CODE             000004-000007                4
                         0004C4-007FFF             7B3C
        COMRAM           000023-00005F               3D
        CONST            000004-000007                4
                         0004C4-007FFF             7B3C
        EEDATA           F00000-F000FF              100
        MEDIUMCONST      000800-007FFF             7800
        RAM              000060-0007FF              100
        SFR              000F53-000FFF                D
        SMALLCONST       000800-007FFF              100

                                  Symbol Table

?___awdiv                        cstackCOMRAM 000001
?___awmod                        cstackCOMRAM 000001
PUT_Number@centenas              cstackCOMRAM 000010
PUT_Number@decenas               cstackCOMRAM 00000E
PUT_Number@num                   cstackCOMRAM 000009
PUT_Number@unidad_millar         cstackCOMRAM 000012
PUT_Number@unidades              cstackCOMRAM 00000C
_ANSELB                          (abs)        000F5C
_ANSELD                          (abs)        000F5E
_ANSELEbits                      (abs)        000F5F
_AnodoComun7Seg                  dataCOMRAM   000015
_INTCON2bits                     (abs)        000FF1
_INTCON3bits                     (abs)        000FF0
_INTCONbits                      (abs)        000FF2
_INTERRUPT_GLOBAL_Config         text8        0004BC
_INTERRUPT_INTx_Config           text7        00049A
_LATCbits                        (abs)        000F8B
_LATD                            (abs)        000F8C
_LATEbits                        (abs)        000F8D
_OSCCONbits                      (abs)        000FD3
_OSCILADOR_Init                  text6        0004B2
_PORTBbits                       (abs)        000F81
_PORT_Init                       text5        00045E
_PUT_Number                      text2        0000C0
_RCONbits                        (abs)        000FD0
_RutineServiceInterrupt          intcode      000008
_T0CONbits                       (abs)        000FD5
_TMR0                            (abs)        000FD6
_TMR0Temporizador_Init           text1        000480
_TRISB                           (abs)        000F93
_TRISCbits                       (abs)        000F94
_TRISD                           (abs)        000F95
_TRISEbits                       (abs)        000F96
__HRAM                           (abs)        000000
__Habs1                          abs1         000000
__Hbank0                         bank0        000000
__Hbank1                         bank1        000000
__Hbank2                         bank2        000000
__Hbank3                         bank3        000000
__Hbank4                         bank4        000000
__Hbank5                         bank5        000000
__Hbank6                         bank6        000000
__Hbank7                         bank7        000000
__Hbigbss                        bigbss       000000
__Hbigdata                       bigdata      000000
__Hbigram                        bigram       000000
__Hbigsfr                        bigsfr       000000
__Hbss                           bss          000000
__HbssCOMRAM                     bssCOMRAM    000000
__Hcinit                         cinit        000000
__Hclrtext                       clrtext      000000
__Hcomram                        comram       000000
__Hconfig                        config       30000E
__Hconst                         const        000000
__HcstackCOMRAM                  cstackCOMRAM 000000
__Hdata                          data         000000
__HdataCOMRAM                    dataCOMRAM   000000
__Heeprom_data                   eeprom_data  000000
__Hfarbss                        farbss       000000
__Hfardata                       fardata      000000
__Hheap                          heap         000000
__Hibigdata                      ibigdata     000000
__Hidata                         idata        000000
__HidataCOMRAM                   idataCOMRAM  000000
__Hidloc                         idloc        200008
__Hifardata                      ifardata     000000
__Hinit                          init         0000C0
__Hintcode                       intcode      0000BC
__Hintcode_body                  intcode_body 000000
__Hintcodelo                     intcodelo    0000BC
__Hintentry                      intentry     000000
__Hintret                        intret       000000
__Hintsave_regs                  intsave_regs 000000
__Hirdata                        irdata       000000
__Hmediumconst                   mediumconst  000000
__HnvFARRAM                      nvFARRAM     000000
__Hnvbit                         nvbit        000000
__Hnvrram                        nvrram       000000
__Hparam                         rparam       000000
__Hpowerup                       powerup      0000BC
__Hram                           ram          000000
__Hramtop                        ramtop       000800
__Hrbit                          rbit         000000
__Hrbss                          rbss         000000
__Hrdata                         rdata        000000
__Hreset_vec                     reset_vec    000004
__Hrparam                        rparam       000000
__Hsfr                           sfr          000000
__Hsmallconst                    smallconst   000000
__Hspace_0                       (abs)        000800
__Hspace_1                       (abs)        000023
__Hspace_2                       (abs)        000000
__Hspace_4                       (abs)        60000E
__Hstack                         stack        000000
__Hstruct                        struct       000000
__Htemp                          temp         000023
__Htext                          text         000000
__Htext0                         text0        000000
__Htext1                         text1        000000
__Htext2                         text2        000000
__Htext3                         text3        000000
__Htext4                         text4        000000
__Htext5                         text5        000000
__Htext6                         text6        000000
__Htext7                         text7        000000
__Htext8                         text8        000000
__LRAM                           (abs)        000001
__Labs1                          abs1         000000
__Lbank0                         bank0        000000
__Lbank1                         bank1        000000
__Lbank2                         bank2        000000
__Lbank3                         bank3        000000
__Lbank4                         bank4        000000
__Lbank5                         bank5        000000
__Lbank6                         bank6        000000
__Lbank7                         bank7        000000
__Lbigbss                        bigbss       000000
__Lbigdata                       bigdata      000000
__Lbigram                        bigram       000000
__Lbigsfr                        bigsfr       000000
__Lbss                           bss          000000
__LbssCOMRAM                     bssCOMRAM    000000
__Lcinit                         cinit        000000
__Lclrtext                       clrtext      000000
__Lcomram                        comram       000000
__Lconfig                        config       000000
__Lconst                         const        000000
__LcstackCOMRAM                  cstackCOMRAM 000000
__Ldata                          data         000000
__LdataCOMRAM                    dataCOMRAM   000000
__Leeprom_data                   eeprom_data  000000
__Lfarbss                        farbss       000000
__Lfardata                       fardata      000000
__Lheap                          heap         000000
__Libigdata                      ibigdata     000000
__Lidata                         idata        000000
__LidataCOMRAM                   idataCOMRAM  000000
__Lidloc                         idloc        000000
__Lifardata                      ifardata     000000
__Linit                          init         0000BC
__Lintcode                       intcode      000008
__Lintcode_body                  intcode_body 000000
__Lintcodelo                     intcodelo    0000BC
__Lintentry                      intentry     000000
__Lintret                        intret       000000
__Lintsave_regs                  intsave_regs 000000
__Lirdata                        irdata       000000
__Lmediumconst                   mediumconst  000000
__LnvFARRAM                      nvFARRAM     000000
__Lnvbit                         nvbit        000000
__Lnvrram                        nvrram       000000
__Lparam                         rparam       000000
__Lpowerup                       powerup      0000BC
__Lram                           ram          000000
__Lramtop                        ramtop       000800
__Lrbit                          rbit         000000
__Lrbss                          rbss         000000
__Lrdata                         rdata        000000
__Lreset_vec                     reset_vec    000000
__Lrparam                        rparam       000000
__Lsfr                           sfr          000000
__Lsmallconst                    smallconst   000000
__Lspace_0                       (abs)        000000
__Lspace_1                       (abs)        000000
__Lspace_2                       (abs)        000000
__Lspace_4                       (abs)        000000
__Lstack                         stack        000000
__Lstruct                        struct       000000
__Ltemp                          temp         000022
__Ltext                          text         000000
__Ltext0                         text0        000000
__Ltext1                         text1        000000
__Ltext2                         text2        000000
__Ltext3                         text3        000000
__Ltext4                         text4        000000
__Ltext5                         text5        000000
__Ltext6                         text6        000000
__Ltext7                         text7        000000
__Ltext8                         text8        000000
__S0                             (abs)        0004C4
__S1                             (abs)        000023
__S4                             (abs)        000000
__S5                             (abs)        000000
___awdiv                         text4        00022E
___awdiv@counter                 cstackCOMRAM 000005
___awdiv@dividend                cstackCOMRAM 000001
___awdiv@divisor                 cstackCOMRAM 000003
___awdiv@quotient                cstackCOMRAM 000007
___awdiv@sign                    cstackCOMRAM 000006
___awmod                         text3        0002F2
___awmod@counter                 cstackCOMRAM 000005
___awmod@dividend                cstackCOMRAM 000001
___awmod@divisor                 cstackCOMRAM 000003
___awmod@sign                    cstackCOMRAM 000006
___heap_hi                       (abs)        000000
___heap_lo                       (abs)        000000
___inthi_sp                      stack        000000
___intlo_sp                      stack        000000
___param_bank                    (abs)        000000
___rparam_used                   (abs)        000001
___sp                            stack        000000
__accesstop                      (abs)        000060
__activetblptr                   (abs)        000000
__end_of_INTERRUPT_GLOBAL_Config text8        0004C4
__end_of_INTERRUPT_INTx_Config   text7        0004A8
__end_of_OSCILADOR_Init          text6        0004BC
__end_of_PORT_Init               text5        000480
__end_of_PUT_Number              text2        00022E
__end_of_RutineServiceInterrupt  intcode      0000BC
__end_of_TMR0Temporizador_Init   text1        00049A
__end_of___awdiv                 text4        0002F2
__end_of___awmod                 text3        0003A2
__end_of__initialization         cinit        000454
__end_of_main                    text0        00042E
__initialization                 cinit        00042E
__mediumconst                    mediumconst  000000
__pbssCOMRAM                     bssCOMRAM    00001F
__pcinit                         cinit        00042E
__pcstackCOMRAM                  cstackCOMRAM 000001
__pdataCOMRAM                    dataCOMRAM   000015
__pidataCOMRAM                   idataCOMRAM  0004A8
__pintcode                       intcode      000008
__ptext0                         text0        0003A2
__ptext1                         text1        000480
__ptext2                         text2        0000C0
__ptext3                         text3        0002F2
__ptext4                         text4        00022E
__ptext5                         text5        00045E
__ptext6                         text6        0004B2
__ptext7                         text7        00049A
__ptext8                         text8        0004BC
__ramtop                         ramtop       000800
__smallconst                     smallconst   000000
_main                            text0        0003A2
_start                           bssCOMRAM    000021
_temporizador                    bssCOMRAM    00001F
btemp                            temp         000022
end_of_initialization            cinit        000454
int$flags                        temp         000022
intlevel0                        text         000000
intlevel1                        text         000000
intlevel2                        text         000000
intlevel3                        text         000000
isa$std                          (abs)        000001
isa$xinst                        (abs)        000000
stackhi                          (abs)        000000
stacklo                          (abs)        000000
start                            init         0000BC
start_initialization             cinit        00042E
ttemp5                           temp         000023
ttemp6                           temp         000026
ttemp7                           temp         00002A
wtemp8                           temp         000023


MODULE INFORMATION

Module		Function		Class		Link	Load	Size
C:\Program Files\Microchip\xc8\v2.40\pic\sources\c99\common\awdiv.c
		___awdiv       		CODE           	022E	0000	196

C:\Program Files\Microchip\xc8\v2.40\pic\sources\c99\common\awdiv.c estimated size: 196

../FantastiCarLeds.X/librerias_pic/config_device.c
		_OSCILADOR_Init		CODE           	04B2	0000	10

../FantastiCarLeds.X/librerias_pic/config_device.c estimated size: 10

shared
		__initialization		CODE           	042E	0000	38

shared estimated size: 38

C:\Program Files\Microchip\xc8\v2.40\pic\sources\c99\common\awmod.c
		___awmod       		CODE           	02F2	0000	176

C:\Program Files\Microchip\xc8\v2.40\pic\sources\c99\common\awmod.c estimated size: 176

main.c
		_RutineServiceInterrupt		CODE           	0008	0000	180
		_PUT_Number    		CODE           	00C0	0000	366
		_main          		CODE           	03A2	0000	140
		_INTERRUPT_INTx_Config		CODE           	049A	0000	14
		_PORT_Init     		CODE           	045E	0000	34
		_INTERRUPT_GLOBAL_Config		CODE           	04BC	0000	8
		_TMR0Temporizador_Init		CODE           	0480	0000	26

main.c estimated size: 768

